2026-03-25 14:28:04,001 [INFO] Config: {'data': {'type': 'synthetic', 'k_neighbors': 32, 'consistency_queries': 8, 'consistency_radius_ratio': 0.22, 'noise_std': 0.003, 'cache': False, 'synthetic_train_points': 20000, 'synthetic_val_points': 10000, 'proportions': {'cylinder': 0.2, 'torus': 0.25, 'saddle': 0.2, 'sphere': 0.1, 'ellipsoid': 0.25}}, 'model': {'k': 20, 'emb_dims': 256, 'dropout': 0.2, 'in_dims': 6, 'max_log_half': 1.5, 'predict_confidence': True, 'predict_singularity': False}, 'loss': {'lambda_dir': 0.1, 'dir_stop_threshold': 0.05, 'lambda_sing': 0.0, 'lambda_ph': 0.0, 'ph_euler_char': 0.0, 'lambda_j': 0.0, 'lambda_conf': 0.1, 'lambda_topo': 0.01, 'topo_det_eps': 0.001, 'topo_cond_max': 50.0, 'topo_entropy_weight': 0.1, 'topo_field_weight': 0.5, 'topo_ring_weight': 0.25, 'topo_cons_metric_weight': 0.75, 'topo_cons_dir_weight': 0.35, 'topo_consistency_sigma': 0.35, 'topo_ring_min_queries': 6}, 'training': {'batch_size': 64, 'epochs': 400, 'lr': 0.0001, 'weight_decay': 1e-05, 'lr_scheduler': 'plateau', 'lr_decay_gamma': 0.5, 'lr_patience': 20, 'lr_min': 1e-06, 'lr_decay_step': 100, 'num_workers': 0, 'mixed_precision': False, 'checkpoint_dir': './checkpoints', 'select_by': 'val_loss', 'early_stop_patience': 150, 'early_stop_min_delta': 0.0001, 'log_topo_proxy': False}}
2026-03-25 14:28:05,636 [INFO] Using device: cuda
2026-03-25 14:28:05,640 [INFO] Creating datasets...
2026-03-25 14:28:05,641 [INFO] Building model...
2026-03-25 14:28:05,814 [INFO]   DGCNN in_dims=6, emb_dims=256, predict_confidence=True, predict_singularity=False
2026-03-25 14:28:06,887 [INFO] Starting training...
2026-03-25 14:28:06,888 [INFO] Epoch 1/400
2026-03-25 14:28:06,889 [INFO]   Topology ramp: x1.000 (lambda_topo=0.0100)
2026-03-25 14:30:52,136 [INFO] Train Loss: 3.552696 (M: 3.158763, D: 0.176153, C: 0.033540) | Val Loss: 1.125659 (M: 1.099836, D: 0.098960, C: 0.033540)
2026-03-25 14:30:52,235 [INFO] Saved best model by val_loss: 1.125659
2026-03-25 14:30:52,235 [INFO] Epoch 2/400
2026-03-25 14:30:52,235 [INFO]   Topology ramp: x1.000 (lambda_topo=0.0100)
2026-03-25 14:33:40,586 [INFO] Train Loss: 1.594679 (M: 1.513682, D: 0.118345, C: 0.022542) | Val Loss: 0.889012 (M: 0.870294, D: 0.085898, C: 0.022542)
2026-03-25 14:33:40,673 [INFO] Saved best model by val_loss: 0.889012
2026-03-25 14:33:40,674 [INFO] Epoch 3/400
2026-03-25 14:33:40,674 [INFO]   Topology ramp: x1.000 (lambda_topo=0.0100)
2026-03-25 14:36:32,468 [INFO] Train Loss: 1.317522 (M: 1.245670, D: 0.108202, C: 0.019670) | Val Loss: 0.840296 (M: 0.822293, D: 0.084397, C: 0.019670)
2026-03-25 14:36:32,559 [INFO] Saved best model by val_loss: 0.840296
2026-03-25 14:36:32,559 [INFO] Epoch 4/400
2026-03-25 14:36:32,560 [INFO]   Topology ramp: x1.000 (lambda_topo=0.0100)
2026-03-25 14:39:22,868 [INFO] Train Loss: 1.117991 (M: 1.062041, D: 0.099398, C: 0.017165) | Val Loss: 0.740530 (M: 0.724155, D: 0.076690, C: 0.017165)
2026-03-25 14:39:22,962 [INFO] Saved best model by val_loss: 0.740530
2026-03-25 14:39:22,962 [INFO] Epoch 5/400
2026-03-25 14:39:22,962 [INFO]   Topology ramp: x1.000 (lambda_topo=0.0100)
2026-03-25 14:42:13,475 [INFO] Train Loss: 1.010626 (M: 0.964135, D: 0.095707, C: 0.014432) | Val Loss: 0.724965 (M: 0.708883, D: 0.080766, C: 0.014432)
2026-03-25 14:42:13,566 [INFO] Saved best model by val_loss: 0.724965
2026-03-25 14:42:13,566 [INFO] Epoch 6/400
2026-03-25 14:42:13,567 [INFO]   Topology ramp: x1.000 (lambda_topo=0.0100)
2026-03-25 14:45:04,284 [INFO] Train Loss: 0.950907 (M: 0.908427, D: 0.091531, C: 0.013786) | Val Loss: 0.642709 (M: 0.628068, D: 0.072516, C: 0.013786)
2026-03-25 14:45:04,372 [INFO] Saved best model by val_loss: 0.642709
2026-03-25 14:45:04,372 [INFO] Epoch 7/400
2026-03-25 14:45:04,373 [INFO]   Topology ramp: x1.000 (lambda_topo=0.0100)
2026-03-25 14:47:54,870 [INFO] Train Loss: 0.869085 (M: 0.833506, D: 0.087496, C: 0.012059) | Val Loss: 0.621173 (M: 0.607290, D: 0.065551, C: 0.012059)
2026-03-25 14:47:54,958 [INFO] Saved best model by val_loss: 0.621173
2026-03-25 14:47:54,958 [INFO] Epoch 8/400
2026-03-25 14:47:54,959 [INFO]   Topology ramp: x1.000 (lambda_topo=0.0100)
2026-03-25 14:50:45,513 [INFO] Train Loss: 0.853656 (M: 0.820878, D: 0.083751, C: 0.011813) | Val Loss: 0.584291 (M: 0.570768, D: 0.067505, C: 0.011813)
2026-03-25 14:50:45,603 [INFO] Saved best model by val_loss: 0.584291
2026-03-25 14:50:45,604 [INFO] Epoch 9/400
2026-03-25 14:50:45,604 [INFO]   Topology ramp: x1.000 (lambda_topo=0.0100)
2026-03-25 14:53:35,960 [INFO] Train Loss: 0.807236 (M: 0.776787, D: 0.081580, C: 0.010878) | Val Loss: 0.573074 (M: 0.560199, D: 0.063216, C: 0.010878)
2026-03-25 14:53:36,047 [INFO] Saved best model by val_loss: 0.573074
2026-03-25 14:53:36,047 [INFO] Epoch 10/400
2026-03-25 14:53:36,048 [INFO]   Topology ramp: x1.000 (lambda_topo=0.0100)
2026-03-25 14:56:27,720 [INFO] Train Loss: 0.787588 (M: 0.758444, D: 0.083480, C: 0.010859) | Val Loss: 0.580989 (M: 0.567659, D: 0.068150, C: 0.010859)
2026-03-25 14:56:27,766 [INFO] Epoch 11/400
2026-03-25 14:56:27,766 [INFO]   Topology ramp: x1.000 (lambda_topo=0.0100)
2026-03-25 14:59:17,841 [INFO] Train Loss: 0.747133 (M: 0.719253, D: 0.078542, C: 0.010560) | Val Loss: 0.566938 (M: 0.553739, D: 0.065901, C: 0.010560)
2026-03-25 14:59:17,929 [INFO] Saved best model by val_loss: 0.566938
2026-03-25 14:59:17,929 [INFO] Epoch 12/400
2026-03-25 14:59:17,929 [INFO]   Topology ramp: x1.000 (lambda_topo=0.0100)
2026-03-25 15:02:08,014 [INFO] Train Loss: 0.752912 (M: 0.725649, D: 0.078923, C: 0.010934) | Val Loss: 0.578428 (M: 0.565359, D: 0.066446, C: 0.010934)
2026-03-25 15:02:08,058 [INFO] Epoch 13/400
2026-03-25 15:02:08,059 [INFO]   Topology ramp: x1.000 (lambda_topo=0.0100)
2026-03-25 15:04:58,563 [INFO] Train Loss: 0.739509 (M: 0.713167, D: 0.078477, C: 0.010777) | Val Loss: 0.571158 (M: 0.558061, D: 0.065129, C: 0.010777)
2026-03-25 15:04:58,607 [INFO] Epoch 14/400
2026-03-25 15:04:58,608 [INFO]   Topology ramp: x1.000 (lambda_topo=0.0100)
2026-03-25 15:07:48,772 [INFO] Train Loss: 0.712434 (M: 0.686499, D: 0.075945, C: 0.010629) | Val Loss: 0.585945 (M: 0.572283, D: 0.069383, C: 0.010629)
2026-03-25 15:07:48,818 [INFO] Epoch 15/400
2026-03-25 15:07:48,818 [INFO]   Topology ramp: x1.000 (lambda_topo=0.0100)
2026-03-25 15:10:38,767 [INFO] Train Loss: 0.712331 (M: 0.687139, D: 0.075807, C: 0.010122) | Val Loss: 0.556076 (M: 0.543035, D: 0.066364, C: 0.010122)
2026-03-25 15:10:38,857 [INFO] Saved best model by val_loss: 0.556076
2026-03-25 15:10:38,858 [INFO] Epoch 16/400
2026-03-25 15:10:38,858 [INFO]   Topology ramp: x1.000 (lambda_topo=0.0100)
2026-03-25 15:13:29,153 [INFO] Train Loss: 0.693018 (M: 0.668981, D: 0.076190, C: 0.010513) | Val Loss: 0.546635 (M: 0.534292, D: 0.059804, C: 0.010513)
2026-03-25 15:13:29,240 [INFO] Saved best model by val_loss: 0.546635
2026-03-25 15:13:29,240 [INFO] Epoch 17/400
2026-03-25 15:13:29,240 [INFO]   Topology ramp: x1.000 (lambda_topo=0.0100)
2026-03-25 15:16:19,905 [INFO] Train Loss: 0.685337 (M: 0.661094, D: 0.074084, C: 0.009752) | Val Loss: 0.561636 (M: 0.548234, D: 0.068315, C: 0.009752)
2026-03-25 15:16:19,950 [INFO] Epoch 18/400
2026-03-25 15:16:19,951 [INFO]   Topology ramp: x1.000 (lambda_topo=0.0100)
2026-03-25 15:19:12,974 [INFO] Train Loss: 0.683271 (M: 0.657722, D: 0.072902, C: 0.009841) | Val Loss: 0.522066 (M: 0.509095, D: 0.060876, C: 0.009841)
2026-03-25 15:19:13,076 [INFO] Saved best model by val_loss: 0.522066
2026-03-25 15:19:13,076 [INFO] Epoch 19/400
2026-03-25 15:19:13,076 [INFO]   Topology ramp: x1.000 (lambda_topo=0.0100)
2026-03-25 15:22:03,815 [INFO] Train Loss: 0.671939 (M: 0.648070, D: 0.071503, C: 0.008768) | Val Loss: 0.503269 (M: 0.491602, D: 0.057872, C: 0.008768)
2026-03-25 15:22:03,908 [INFO] Saved best model by val_loss: 0.503269
2026-03-25 15:22:03,908 [INFO] Epoch 20/400
2026-03-25 15:22:03,909 [INFO]   Topology ramp: x1.000 (lambda_topo=0.0100)
2026-03-25 15:24:56,337 [INFO] Train Loss: 0.660671 (M: 0.637589, D: 0.071363, C: 0.010568) | Val Loss: 0.519002 (M: 0.506746, D: 0.061118, C: 0.010568)
2026-03-25 15:24:56,394 [INFO] Epoch 21/400
2026-03-25 15:24:56,394 [INFO]   Topology ramp: x1.000 (lambda_topo=0.0100)
2026-03-25 15:27:49,071 [INFO] Train Loss: 0.674090 (M: 0.649986, D: 0.073576, C: 0.010304) | Val Loss: 0.529774 (M: 0.517925, D: 0.059621, C: 0.010304)
2026-03-25 15:27:49,129 [INFO] Epoch 22/400
2026-03-25 15:27:49,130 [INFO]   Topology ramp: x1.000 (lambda_topo=0.0100)
2026-03-25 15:30:41,981 [INFO] Train Loss: 0.661470 (M: 0.637580, D: 0.072446, C: 0.008796) | Val Loss: 0.529953 (M: 0.517736, D: 0.062561, C: 0.008796)
2026-03-25 15:30:42,039 [INFO] Epoch 23/400
2026-03-25 15:30:42,039 [INFO]   Topology ramp: x1.000 (lambda_topo=0.0100)
2026-03-25 15:33:33,980 [INFO] Train Loss: 0.659779 (M: 0.635306, D: 0.075394, C: 0.009237) | Val Loss: 0.537486 (M: 0.525279, D: 0.062720, C: 0.009237)
2026-03-25 15:33:34,031 [INFO] Epoch 24/400
2026-03-25 15:33:34,032 [INFO]   Topology ramp: x1.000 (lambda_topo=0.0100)
2026-03-25 15:36:25,861 [INFO] Train Loss: 0.648397 (M: 0.624292, D: 0.072059, C: 0.009348) | Val Loss: 0.500868 (M: 0.489292, D: 0.056468, C: 0.009348)
2026-03-25 15:36:25,955 [INFO] Saved best model by val_loss: 0.500868
2026-03-25 15:36:25,955 [INFO] Epoch 25/400
2026-03-25 15:36:25,955 [INFO]   Topology ramp: x1.000 (lambda_topo=0.0100)
2026-03-25 15:39:16,894 [INFO] Train Loss: 0.643678 (M: 0.620877, D: 0.070454, C: 0.009327) | Val Loss: 0.512227 (M: 0.500331, D: 0.059920, C: 0.009327)
2026-03-25 15:39:16,943 [INFO] Epoch 26/400
2026-03-25 15:39:16,943 [INFO]   Topology ramp: x1.000 (lambda_topo=0.0100)
2026-03-25 15:42:08,878 [INFO] Train Loss: 0.638999 (M: 0.616209, D: 0.071399, C: 0.009163) | Val Loss: 0.533399 (M: 0.521009, D: 0.064020, C: 0.009163)
2026-03-25 15:42:08,929 [INFO] Epoch 27/400
2026-03-25 15:42:08,930 [INFO]   Topology ramp: x1.000 (lambda_topo=0.0100)
2026-03-25 15:45:01,037 [INFO] Train Loss: 0.639977 (M: 0.616901, D: 0.069736, C: 0.009159) | Val Loss: 0.507844 (M: 0.496199, D: 0.058370, C: 0.009159)
2026-03-25 15:45:01,083 [INFO] Epoch 28/400
2026-03-25 15:45:01,083 [INFO]   Topology ramp: x1.000 (lambda_topo=0.0100)
2026-03-25 15:47:53,033 [INFO] Train Loss: 0.621794 (M: 0.599595, D: 0.069416, C: 0.008806) | Val Loss: 0.488487 (M: 0.476565, D: 0.062800, C: 0.008806)
2026-03-25 15:47:53,120 [INFO] Saved best model by val_loss: 0.488487
2026-03-25 15:47:53,120 [INFO] Epoch 29/400
2026-03-25 15:47:53,120 [INFO]   Topology ramp: x1.000 (lambda_topo=0.0100)
2026-03-25 15:50:44,034 [INFO] Train Loss: 0.621465 (M: 0.599839, D: 0.068703, C: 0.008148) | Val Loss: 0.482168 (M: 0.470564, D: 0.059590, C: 0.008148)
2026-03-25 15:50:44,124 [INFO] Saved best model by val_loss: 0.482168
2026-03-25 15:50:44,125 [INFO] Epoch 30/400
2026-03-25 15:50:44,125 [INFO]   Topology ramp: x1.000 (lambda_topo=0.0100)
2026-03-25 15:53:34,250 [INFO] Train Loss: 0.633357 (M: 0.609996, D: 0.068828, C: 0.008580) | Val Loss: 0.491846 (M: 0.480226, D: 0.057554, C: 0.008580)
2026-03-25 15:53:34,295 [INFO] Epoch 31/400
2026-03-25 15:53:34,295 [INFO]   Topology ramp: x1.000 (lambda_topo=0.0100)
2026-03-25 15:56:24,429 [INFO] Train Loss: 0.615275 (M: 0.593355, D: 0.067886, C: 0.008329) | Val Loss: 0.483006 (M: 0.471876, D: 0.055358, C: 0.008329)
2026-03-25 15:56:24,474 [INFO] Epoch 32/400
2026-03-25 15:56:24,474 [INFO]   Topology ramp: x1.000 (lambda_topo=0.0100)
2026-03-25 15:59:15,746 [INFO] Train Loss: 0.631839 (M: 0.609146, D: 0.070056, C: 0.009042) | Val Loss: 0.494448 (M: 0.482854, D: 0.060610, C: 0.009042)
2026-03-25 15:59:15,797 [INFO] Epoch 33/400
2026-03-25 15:59:15,797 [INFO]   Topology ramp: x1.000 (lambda_topo=0.0100)
2026-03-25 16:02:07,908 [INFO] Train Loss: 0.609570 (M: 0.588217, D: 0.066978, C: 0.008141) | Val Loss: 0.533964 (M: 0.521909, D: 0.058599, C: 0.008141)
2026-03-25 16:02:07,953 [INFO] Epoch 34/400
2026-03-25 16:02:07,953 [INFO]   Topology ramp: x1.000 (lambda_topo=0.0100)
2026-03-25 16:04:58,024 [INFO] Train Loss: 0.606394 (M: 0.584951, D: 0.068125, C: 0.008199) | Val Loss: 0.482135 (M: 0.471142, D: 0.056477, C: 0.008199)
2026-03-25 16:04:58,075 [INFO] Epoch 35/400
2026-03-25 16:04:58,075 [INFO]   Topology ramp: x1.000 (lambda_topo=0.0100)
2026-03-25 16:07:48,469 [INFO] Train Loss: 0.602330 (M: 0.580377, D: 0.066148, C: 0.008146) | Val Loss: 0.465893 (M: 0.454950, D: 0.053498, C: 0.008146)
2026-03-25 16:07:48,559 [INFO] Saved best model by val_loss: 0.465893
2026-03-25 16:07:48,559 [INFO] Epoch 36/400
2026-03-25 16:07:48,560 [INFO]   Topology ramp: x1.000 (lambda_topo=0.0100)
2026-03-25 16:10:38,273 [INFO] Train Loss: 0.598389 (M: 0.577211, D: 0.064698, C: 0.007975) | Val Loss: 0.504981 (M: 0.493012, D: 0.061002, C: 0.007975)
2026-03-25 16:10:38,319 [INFO] Epoch 37/400
2026-03-25 16:10:38,319 [INFO]   Topology ramp: x1.000 (lambda_topo=0.0100)
2026-03-25 16:13:28,195 [INFO] Train Loss: 0.599546 (M: 0.578068, D: 0.066883, C: 0.008124) | Val Loss: 0.470459 (M: 0.459563, D: 0.054658, C: 0.008124)
2026-03-25 16:13:28,243 [INFO] Epoch 38/400
2026-03-25 16:13:28,243 [INFO]   Topology ramp: x1.000 (lambda_topo=0.0100)
2026-03-25 16:16:18,127 [INFO] Train Loss: 0.610724 (M: 0.588627, D: 0.066867, C: 0.008228) | Val Loss: 0.468530 (M: 0.457229, D: 0.057809, C: 0.008228)
2026-03-25 16:16:18,175 [INFO] Epoch 39/400
2026-03-25 16:16:18,175 [INFO]   Topology ramp: x1.000 (lambda_topo=0.0100)
2026-03-25 16:19:08,169 [INFO] Train Loss: 0.613916 (M: 0.592272, D: 0.068629, C: 0.008607) | Val Loss: 0.496091 (M: 0.484684, D: 0.056453, C: 0.008607)
2026-03-25 16:19:08,215 [INFO] Epoch 40/400
2026-03-25 16:19:08,215 [INFO]   Topology ramp: x1.000 (lambda_topo=0.0100)
2026-03-25 16:21:57,968 [INFO] Train Loss: 0.598937 (M: 0.577751, D: 0.067105, C: 0.008498) | Val Loss: 0.475773 (M: 0.463974, D: 0.061191, C: 0.008498)
2026-03-25 16:21:58,014 [INFO] Epoch 41/400
2026-03-25 16:21:58,014 [INFO]   Topology ramp: x1.000 (lambda_topo=0.0100)
2026-03-25 16:24:48,125 [INFO] Train Loss: 0.592721 (M: 0.571642, D: 0.066235, C: 0.008394) | Val Loss: 0.471752 (M: 0.460946, D: 0.054030, C: 0.008394)
2026-03-25 16:24:48,173 [INFO] Epoch 42/400
2026-03-25 16:24:48,173 [INFO]   Topology ramp: x1.000 (lambda_topo=0.0100)
2026-03-25 16:27:37,506 [INFO] Train Loss: 0.595077 (M: 0.573690, D: 0.067450, C: 0.007562) | Val Loss: 0.476737 (M: 0.465265, D: 0.058643, C: 0.007562)
2026-03-25 16:27:37,556 [INFO] Epoch 43/400
2026-03-25 16:27:37,557 [INFO]   Topology ramp: x1.000 (lambda_topo=0.0100)
2026-03-25 16:30:27,412 [INFO] Train Loss: 0.594513 (M: 0.573432, D: 0.066619, C: 0.007684) | Val Loss: 0.460804 (M: 0.450029, D: 0.054373, C: 0.007684)
2026-03-25 16:30:27,499 [INFO] Saved best model by val_loss: 0.460804
2026-03-25 16:30:27,499 [INFO] Epoch 44/400
2026-03-25 16:30:27,500 [INFO]   Topology ramp: x1.000 (lambda_topo=0.0100)
2026-03-25 16:33:17,783 [INFO] Train Loss: 0.598262 (M: 0.577480, D: 0.067071, C: 0.007340) | Val Loss: 0.480216 (M: 0.469419, D: 0.052968, C: 0.007340)
2026-03-25 16:33:17,830 [INFO] Epoch 45/400
2026-03-25 16:33:17,830 [INFO]   Topology ramp: x1.000 (lambda_topo=0.0100)
2026-03-25 16:36:07,984 [INFO] Train Loss: 0.580231 (M: 0.559860, D: 0.063628, C: 0.008610) | Val Loss: 0.461715 (M: 0.450990, D: 0.052216, C: 0.008610)
2026-03-25 16:36:08,031 [INFO] Epoch 46/400
2026-03-25 16:36:08,032 [INFO]   Topology ramp: x1.000 (lambda_topo=0.0100)
2026-03-25 16:38:58,270 [INFO] Train Loss: 0.585004 (M: 0.564499, D: 0.065743, C: 0.007900) | Val Loss: 0.467069 (M: 0.455977, D: 0.055949, C: 0.007900)
2026-03-25 16:38:58,316 [INFO] Epoch 47/400
2026-03-25 16:38:58,316 [INFO]   Topology ramp: x1.000 (lambda_topo=0.0100)
2026-03-25 16:41:48,261 [INFO] Train Loss: 0.575233 (M: 0.554444, D: 0.064208, C: 0.008586) | Val Loss: 0.501442 (M: 0.489358, D: 0.064141, C: 0.008586)
2026-03-25 16:41:48,306 [INFO] Epoch 48/400
2026-03-25 16:41:48,306 [INFO]   Topology ramp: x1.000 (lambda_topo=0.0100)
2026-03-25 16:44:38,402 [INFO] Train Loss: 0.571222 (M: 0.550681, D: 0.064001, C: 0.006776) | Val Loss: 0.466471 (M: 0.455928, D: 0.053696, C: 0.006776)
2026-03-25 16:44:38,449 [INFO] Epoch 49/400
2026-03-25 16:44:38,449 [INFO]   Topology ramp: x1.000 (lambda_topo=0.0100)
2026-03-25 16:47:29,073 [INFO] Train Loss: 0.576416 (M: 0.555958, D: 0.065575, C: 0.007710) | Val Loss: 0.463518 (M: 0.452336, D: 0.054791, C: 0.007710)
2026-03-25 16:47:29,120 [INFO] Epoch 50/400
2026-03-25 16:47:29,120 [INFO]   Topology ramp: x1.000 (lambda_topo=0.0100)
2026-03-25 16:50:18,518 [INFO] Train Loss: 0.577618 (M: 0.556619, D: 0.065118, C: 0.007756) | Val Loss: 0.473282 (M: 0.462100, D: 0.056875, C: 0.007756)
2026-03-25 16:50:18,564 [INFO] Epoch 51/400
2026-03-25 16:50:18,565 [INFO]   Topology ramp: x1.000 (lambda_topo=0.0100)
2026-03-25 16:53:10,231 [INFO] Train Loss: 0.583172 (M: 0.562448, D: 0.064016, C: 0.007545) | Val Loss: 0.471324 (M: 0.459908, D: 0.060963, C: 0.007545)
2026-03-25 16:53:10,278 [INFO] Epoch 52/400
2026-03-25 16:53:10,278 [INFO]   Topology ramp: x1.000 (lambda_topo=0.0100)
2026-03-25 16:56:02,128 [INFO] Train Loss: 0.577588 (M: 0.557446, D: 0.063476, C: 0.007597) | Val Loss: 0.456529 (M: 0.446191, D: 0.050809, C: 0.007597)
2026-03-25 16:56:02,216 [INFO] Saved best model by val_loss: 0.456529
2026-03-25 16:56:02,216 [INFO] Epoch 53/400
2026-03-25 16:56:02,216 [INFO]   Topology ramp: x1.000 (lambda_topo=0.0100)
2026-03-25 16:58:54,346 [INFO] Train Loss: 0.585951 (M: 0.565714, D: 0.065884, C: 0.008353) | Val Loss: 0.460194 (M: 0.449390, D: 0.051445, C: 0.008353)
2026-03-25 16:58:54,396 [INFO] Epoch 54/400
2026-03-25 16:58:54,396 [INFO]   Topology ramp: x1.000 (lambda_topo=0.0100)
2026-03-25 17:01:50,932 [INFO] Train Loss: 0.580583 (M: 0.560173, D: 0.063969, C: 0.007575) | Val Loss: 0.464754 (M: 0.454185, D: 0.052157, C: 0.007575)
2026-03-25 17:01:50,978 [INFO] Epoch 55/400
2026-03-25 17:01:50,978 [INFO]   Topology ramp: x1.000 (lambda_topo=0.0100)
2026-03-25 17:04:45,860 [INFO] Train Loss: 0.570772 (M: 0.550460, D: 0.062259, C: 0.007074) | Val Loss: 0.434553 (M: 0.424414, D: 0.050997, C: 0.007074)
2026-03-25 17:04:45,948 [INFO] Saved best model by val_loss: 0.434553
2026-03-25 17:04:45,949 [INFO] Epoch 56/400
2026-03-25 17:04:45,949 [INFO]   Topology ramp: x1.000 (lambda_topo=0.0100)
2026-03-25 17:07:50,389 [INFO] Train Loss: 0.577182 (M: 0.556827, D: 0.064571, C: 0.007216) | Val Loss: 0.432173 (M: 0.421638, D: 0.053543, C: 0.007216)
2026-03-25 17:07:50,504 [INFO] Saved best model by val_loss: 0.432173
2026-03-25 17:07:50,505 [INFO] Epoch 57/400
2026-03-25 17:07:50,505 [INFO]   Topology ramp: x1.000 (lambda_topo=0.0100)
2026-03-25 17:10:50,954 [INFO] Train Loss: 0.563346 (M: 0.543662, D: 0.063694, C: 0.007382) | Val Loss: 0.438825 (M: 0.427935, D: 0.055467, C: 0.007382)
2026-03-25 17:10:51,007 [INFO] Epoch 58/400
2026-03-25 17:10:51,007 [INFO]   Topology ramp: x1.000 (lambda_topo=0.0100)
2026-03-25 17:13:55,134 [INFO] Train Loss: 0.568479 (M: 0.548311, D: 0.062006, C: 0.007759) | Val Loss: 0.453531 (M: 0.443270, D: 0.051494, C: 0.007759)
2026-03-25 17:13:55,191 [INFO] Epoch 59/400
2026-03-25 17:13:55,191 [INFO]   Topology ramp: x1.000 (lambda_topo=0.0100)
2026-03-25 17:16:58,599 [INFO] Train Loss: 0.569253 (M: 0.549115, D: 0.063960, C: 0.007684) | Val Loss: 0.471503 (M: 0.460681, D: 0.055735, C: 0.007684)
2026-03-25 17:16:58,660 [INFO] Epoch 60/400
2026-03-25 17:16:58,661 [INFO]   Topology ramp: x1.000 (lambda_topo=0.0100)
2026-03-25 17:20:02,235 [INFO] Train Loss: 0.568504 (M: 0.548640, D: 0.063705, C: 0.007573) | Val Loss: 0.466897 (M: 0.456014, D: 0.056445, C: 0.007573)
2026-03-25 17:20:02,296 [INFO] Epoch 61/400
2026-03-25 17:20:02,296 [INFO]   Topology ramp: x1.000 (lambda_topo=0.0100)
2026-03-25 17:23:11,008 [INFO] Train Loss: 0.568595 (M: 0.548844, D: 0.062552, C: 0.007740) | Val Loss: 0.451843 (M: 0.441259, D: 0.053761, C: 0.007740)
2026-03-25 17:23:11,061 [INFO] Epoch 62/400
2026-03-25 17:23:11,062 [INFO]   Topology ramp: x1.000 (lambda_topo=0.0100)
2026-03-25 17:26:05,270 [INFO] Train Loss: 0.565333 (M: 0.545345, D: 0.062909, C: 0.007985) | Val Loss: 0.481169 (M: 0.470284, D: 0.056760, C: 0.007985)
2026-03-25 17:26:05,321 [INFO] Epoch 63/400
2026-03-25 17:26:05,322 [INFO]   Topology ramp: x1.000 (lambda_topo=0.0100)
2026-03-25 17:28:59,393 [INFO] Train Loss: 0.561633 (M: 0.542186, D: 0.062292, C: 0.007621) | Val Loss: 0.444521 (M: 0.433878, D: 0.054890, C: 0.007621)
2026-03-25 17:28:59,444 [INFO] Epoch 64/400
2026-03-25 17:28:59,445 [INFO]   Topology ramp: x1.000 (lambda_topo=0.0100)
2026-03-25 17:31:52,058 [INFO] Train Loss: 0.559690 (M: 0.539650, D: 0.062240, C: 0.007487) | Val Loss: 0.444096 (M: 0.433414, D: 0.051772, C: 0.007487)
2026-03-25 17:31:52,106 [INFO] Epoch 65/400
2026-03-25 17:31:52,107 [INFO]   Topology ramp: x1.000 (lambda_topo=0.0100)
2026-03-25 17:34:43,191 [INFO] Train Loss: 0.566521 (M: 0.546972, D: 0.062606, C: 0.007566) | Val Loss: 0.438450 (M: 0.428197, D: 0.050949, C: 0.007566)
2026-03-25 17:34:43,239 [INFO] Epoch 66/400
2026-03-25 17:34:43,239 [INFO]   Topology ramp: x1.000 (lambda_topo=0.0100)
2026-03-25 17:37:34,436 [INFO] Train Loss: 0.560455 (M: 0.540818, D: 0.062019, C: 0.007310) | Val Loss: 0.471767 (M: 0.460841, D: 0.057111, C: 0.007310)
2026-03-25 17:37:34,482 [INFO] Epoch 67/400
2026-03-25 17:37:34,482 [INFO]   Topology ramp: x1.000 (lambda_topo=0.0100)
2026-03-25 17:40:25,545 [INFO] Train Loss: 0.563560 (M: 0.543927, D: 0.060583, C: 0.007362) | Val Loss: 0.449229 (M: 0.438763, D: 0.052719, C: 0.007362)
2026-03-25 17:40:25,591 [INFO] Epoch 68/400
2026-03-25 17:40:25,591 [INFO]   Topology ramp: x1.000 (lambda_topo=0.0100)
2026-03-25 17:43:15,788 [INFO] Train Loss: 0.554286 (M: 0.534673, D: 0.061497, C: 0.007531) | Val Loss: 0.443745 (M: 0.433017, D: 0.055063, C: 0.007531)
2026-03-25 17:43:15,834 [INFO] Epoch 69/400
2026-03-25 17:43:15,835 [INFO]   Topology ramp: x1.000 (lambda_topo=0.0100)
2026-03-25 17:46:07,918 [INFO] Train Loss: 0.555670 (M: 0.535982, D: 0.062300, C: 0.007143) | Val Loss: 0.456890 (M: 0.445955, D: 0.056217, C: 0.007143)
2026-03-25 17:46:07,964 [INFO] Epoch 70/400
2026-03-25 17:46:07,965 [INFO]   Topology ramp: x1.000 (lambda_topo=0.0100)
2026-03-25 17:49:02,374 [INFO] Train Loss: 0.562070 (M: 0.542358, D: 0.061936, C: 0.007371) | Val Loss: 0.448872 (M: 0.438371, D: 0.052827, C: 0.007371)
2026-03-25 17:49:02,483 [INFO] Epoch 71/400
2026-03-25 17:49:02,483 [INFO]   Topology ramp: x1.000 (lambda_topo=0.0100)
2026-03-25 17:51:56,476 [INFO] Train Loss: 0.559397 (M: 0.539725, D: 0.060232, C: 0.007466) | Val Loss: 0.437744 (M: 0.426943, D: 0.054364, C: 0.007466)
2026-03-25 17:51:56,524 [INFO] Epoch 72/400
2026-03-25 17:51:56,524 [INFO]   Topology ramp: x1.000 (lambda_topo=0.0100)
2026-03-25 17:54:48,722 [INFO] Train Loss: 0.545116 (M: 0.525918, D: 0.061032, C: 0.006957) | Val Loss: 0.443981 (M: 0.433419, D: 0.053438, C: 0.006957)
2026-03-25 17:54:48,771 [INFO] Epoch 73/400
2026-03-25 17:54:48,771 [INFO]   Topology ramp: x1.000 (lambda_topo=0.0100)
2026-03-25 17:57:40,915 [INFO] Train Loss: 0.562177 (M: 0.542508, D: 0.062173, C: 0.007471) | Val Loss: 0.452590 (M: 0.441905, D: 0.054347, C: 0.007471)
2026-03-25 17:57:40,963 [INFO] Epoch 74/400
2026-03-25 17:57:40,964 [INFO]   Topology ramp: x1.000 (lambda_topo=0.0100)
2026-03-25 18:00:33,430 [INFO] Train Loss: 0.547369 (M: 0.528813, D: 0.060521, C: 0.006896) | Val Loss: 0.446030 (M: 0.435727, D: 0.052844, C: 0.006896)
2026-03-25 18:00:33,479 [INFO] Epoch 75/400
2026-03-25 18:00:33,479 [INFO]   Topology ramp: x1.000 (lambda_topo=0.0100)
2026-03-25 18:03:30,131 [INFO] Train Loss: 0.547026 (M: 0.527315, D: 0.063393, C: 0.007112) | Val Loss: 0.427853 (M: 0.417958, D: 0.048584, C: 0.007112)
2026-03-25 18:03:30,411 [INFO] Saved best model by val_loss: 0.427853
2026-03-25 18:03:30,411 [INFO] Epoch 76/400
2026-03-25 18:03:30,411 [INFO]   Topology ramp: x1.000 (lambda_topo=0.0100)
2026-03-25 18:06:27,924 [INFO] Train Loss: 0.533091 (M: 0.514025, D: 0.058997, C: 0.006980) | Val Loss: 0.450089 (M: 0.439663, D: 0.053341, C: 0.006980)
2026-03-25 18:06:27,975 [INFO] Epoch 77/400
2026-03-25 18:06:27,975 [INFO]   Topology ramp: x1.000 (lambda_topo=0.0100)
2026-03-25 18:09:26,057 [INFO] Train Loss: 0.549851 (M: 0.530948, D: 0.060530, C: 0.006820) | Val Loss: 0.428650 (M: 0.418466, D: 0.052941, C: 0.006820)
2026-03-25 18:09:26,102 [INFO] Epoch 78/400
2026-03-25 18:09:26,103 [INFO]   Topology ramp: x1.000 (lambda_topo=0.0100)
2026-03-25 18:12:25,516 [INFO] Train Loss: 0.550999 (M: 0.531471, D: 0.061753, C: 0.007031) | Val Loss: 0.436674 (M: 0.426409, D: 0.052381, C: 0.007031)
2026-03-25 18:12:25,561 [INFO] Epoch 79/400
2026-03-25 18:12:25,561 [INFO]   Topology ramp: x1.000 (lambda_topo=0.0100)
2026-03-25 18:15:17,626 [INFO] Train Loss: 0.542671 (M: 0.523683, D: 0.058782, C: 0.007646) | Val Loss: 0.441636 (M: 0.431276, D: 0.051980, C: 0.007646)
2026-03-25 18:15:17,680 [INFO] Epoch 80/400
2026-03-25 18:15:17,680 [INFO]   Topology ramp: x1.000 (lambda_topo=0.0100)
2026-03-25 18:18:11,820 [INFO] Train Loss: 0.553452 (M: 0.534348, D: 0.061807, C: 0.006796) | Val Loss: 0.434742 (M: 0.424585, D: 0.051207, C: 0.006796)
2026-03-25 18:18:11,867 [INFO] Epoch 81/400
2026-03-25 18:18:11,867 [INFO]   Topology ramp: x1.000 (lambda_topo=0.0100)
2026-03-25 18:21:04,191 [INFO] Train Loss: 0.547328 (M: 0.527997, D: 0.060501, C: 0.007434) | Val Loss: 0.462251 (M: 0.451539, D: 0.054874, C: 0.007434)
2026-03-25 18:21:04,245 [INFO] Epoch 82/400
2026-03-25 18:21:04,245 [INFO]   Topology ramp: x1.000 (lambda_topo=0.0100)
2026-03-25 18:23:56,716 [INFO] Train Loss: 0.540702 (M: 0.521660, D: 0.058802, C: 0.007677) | Val Loss: 0.483307 (M: 0.472747, D: 0.054586, C: 0.007677)
2026-03-25 18:23:56,763 [INFO] Epoch 83/400
2026-03-25 18:23:56,763 [INFO]   Topology ramp: x1.000 (lambda_topo=0.0100)
2026-03-25 18:26:51,586 [INFO] Train Loss: 0.543896 (M: 0.525079, D: 0.061673, C: 0.007008) | Val Loss: 0.431699 (M: 0.421170, D: 0.055421, C: 0.007008)
2026-03-25 18:26:51,633 [INFO] Epoch 84/400
2026-03-25 18:26:51,633 [INFO]   Topology ramp: x1.000 (lambda_topo=0.0100)
